Archive member included because of file (symbol)

C:\Documents and Settings\Ivan konstantinov\My Documents\RobotControl_v_1_0\zigbee_src_winavr\lib\libdynamixel.a(dynamixel.o)
                              dynamixel_control.o (dxl_get_result)
C:\Documents and Settings\Ivan konstantinov\My Documents\RobotControl_v_1_0\zigbee_src_winavr\lib\libdynamixel.a(dxl_hal.o)
                              C:\Documents and Settings\Ivan konstantinov\My Documents\RobotControl_v_1_0\zigbee_src_winavr\lib\libdynamixel.a(dynamixel.o) (dxl_hal_open)
C:\Documents and Settings\Ivan konstantinov\My Documents\RobotControl_v_1_0\zigbee_src_winavr\lib\libzigbee.a(zigbee.o)
                              dynamixel_control.o (zgb_tx_data)
C:\Documents and Settings\Ivan konstantinov\My Documents\RobotControl_v_1_0\zigbee_src_winavr\lib\libzigbee.a(zgb_hal.o)
                              C:\Documents and Settings\Ivan konstantinov\My Documents\RobotControl_v_1_0\zigbee_src_winavr\lib\libzigbee.a(zigbee.o) (zgb_hal_open)
c:/winavr-20100110/bin/../lib/gcc/avr/4.3.3/avr6\libgcc.a(_divmodhi4.o)
                              dynamixel_control.o (__divmodhi4)
c:/winavr-20100110/bin/../lib/gcc/avr/4.3.3/avr6\libgcc.a(_exit.o)
                              c:/winavr-20100110/bin/../lib/gcc/avr/4.3.3/../../../../avr/lib/avr6/crtm2561.o (exit)
c:/winavr-20100110/bin/../lib/gcc/avr/4.3.3/avr6\libgcc.a(_clear_bss.o)
                              robot_control_v_1_0.o (__do_clear_bss)
c:/winavr-20100110/bin/../lib/gcc/avr/4.3.3/avr6\libgcc.a(_fixunssfsi.o)
                              C:\Documents and Settings\Ivan konstantinov\My Documents\RobotControl_v_1_0\zigbee_src_winavr\lib\libdynamixel.a(dxl_hal.o) (__fixunssfsi)
c:/winavr-20100110/bin/../lib/gcc/avr/4.3.3/avr6\libgcc.a(_addsub_sf.o)
                              c:/winavr-20100110/bin/../lib/gcc/avr/4.3.3/avr6\libgcc.a(_fixunssfsi.o) (__subsf3)
c:/winavr-20100110/bin/../lib/gcc/avr/4.3.3/avr6\libgcc.a(_mul_sf.o)
                              dynamixel_control.o (__mulsf3)
c:/winavr-20100110/bin/../lib/gcc/avr/4.3.3/avr6\libgcc.a(_div_sf.o)
                              C:\Documents and Settings\Ivan konstantinov\My Documents\RobotControl_v_1_0\zigbee_src_winavr\lib\libdynamixel.a(dynamixel.o) (__divsf3)
c:/winavr-20100110/bin/../lib/gcc/avr/4.3.3/avr6\libgcc.a(_gt_sf.o)
                              C:\Documents and Settings\Ivan konstantinov\My Documents\RobotControl_v_1_0\zigbee_src_winavr\lib\libdynamixel.a(dxl_hal.o) (__gtsf2)
c:/winavr-20100110/bin/../lib/gcc/avr/4.3.3/avr6\libgcc.a(_ge_sf.o)
                              c:/winavr-20100110/bin/../lib/gcc/avr/4.3.3/avr6\libgcc.a(_fixunssfsi.o) (__gesf2)
c:/winavr-20100110/bin/../lib/gcc/avr/4.3.3/avr6\libgcc.a(_lt_sf.o)
                              C:\Documents and Settings\Ivan konstantinov\My Documents\RobotControl_v_1_0\zigbee_src_winavr\lib\libdynamixel.a(dxl_hal.o) (__ltsf2)
c:/winavr-20100110/bin/../lib/gcc/avr/4.3.3/avr6\libgcc.a(_si_to_sf.o)
                              C:\Documents and Settings\Ivan konstantinov\My Documents\RobotControl_v_1_0\zigbee_src_winavr\lib\libdynamixel.a(dynamixel.o) (__floatsisf)
c:/winavr-20100110/bin/../lib/gcc/avr/4.3.3/avr6\libgcc.a(_sf_to_si.o)
                              dynamixel_control.o (__fixsfsi)
c:/winavr-20100110/bin/../lib/gcc/avr/4.3.3/avr6\libgcc.a(_thenan_sf.o)
                              c:/winavr-20100110/bin/../lib/gcc/avr/4.3.3/avr6\libgcc.a(_addsub_sf.o) (__thenan_sf)
c:/winavr-20100110/bin/../lib/gcc/avr/4.3.3/avr6\libgcc.a(_usi_to_sf.o)
                              dynamixel_control.o (__floatunsisf)
c:/winavr-20100110/bin/../lib/gcc/avr/4.3.3/avr6\libgcc.a(_udivmodhi4.o)
                              c:/winavr-20100110/bin/../lib/gcc/avr/4.3.3/avr6\libgcc.a(_divmodhi4.o) (__udivmodhi4)
c:/winavr-20100110/bin/../lib/gcc/avr/4.3.3/avr6\libgcc.a(_prologue.o)
                              c:/winavr-20100110/bin/../lib/gcc/avr/4.3.3/avr6\libgcc.a(_addsub_sf.o) (__prologue_saves__)
c:/winavr-20100110/bin/../lib/gcc/avr/4.3.3/avr6\libgcc.a(_epilogue.o)
                              c:/winavr-20100110/bin/../lib/gcc/avr/4.3.3/avr6\libgcc.a(_addsub_sf.o) (__epilogue_restores__)
c:/winavr-20100110/bin/../lib/gcc/avr/4.3.3/avr6\libgcc.a(_clzsi2.o)
                              c:/winavr-20100110/bin/../lib/gcc/avr/4.3.3/avr6\libgcc.a(_si_to_sf.o) (__clzsi2)
c:/winavr-20100110/bin/../lib/gcc/avr/4.3.3/avr6\libgcc.a(_pack_sf.o)
                              c:/winavr-20100110/bin/../lib/gcc/avr/4.3.3/avr6\libgcc.a(_addsub_sf.o) (__pack_f)
c:/winavr-20100110/bin/../lib/gcc/avr/4.3.3/avr6\libgcc.a(_unpack_sf.o)
                              c:/winavr-20100110/bin/../lib/gcc/avr/4.3.3/avr6\libgcc.a(_addsub_sf.o) (__unpack_f)
c:/winavr-20100110/bin/../lib/gcc/avr/4.3.3/avr6\libgcc.a(_fpcmp_parts_sf.o)
                              c:/winavr-20100110/bin/../lib/gcc/avr/4.3.3/avr6\libgcc.a(_gt_sf.o) (__fpcmp_parts_f)
c:/winavr-20100110/bin/../lib/gcc/avr/4.3.3/avr6\libgcc.a(_clz.o)
                              c:/winavr-20100110/bin/../lib/gcc/avr/4.3.3/avr6\libgcc.a(_clzsi2.o) (__clz_tab)
c:/winavr-20100110/bin/../lib/gcc/avr/4.3.3/../../../../avr/lib/avr6\libc.a(printf.o)
                              dynamixel_control.o (printf)
c:/winavr-20100110/bin/../lib/gcc/avr/4.3.3/../../../../avr/lib/avr6\libc.a(puts.o)
                              dynamixel_control.o (puts)
c:/winavr-20100110/bin/../lib/gcc/avr/4.3.3/../../../../avr/lib/avr6\libc.a(vfprintf_std.o)
                              c:/winavr-20100110/bin/../lib/gcc/avr/4.3.3/../../../../avr/lib/avr6\libc.a(printf.o) (vfprintf)
c:/winavr-20100110/bin/../lib/gcc/avr/4.3.3/../../../../avr/lib/avr6\libc.a(strnlen_P.o)
                              c:/winavr-20100110/bin/../lib/gcc/avr/4.3.3/../../../../avr/lib/avr6\libc.a(vfprintf_std.o) (strnlen_P)
c:/winavr-20100110/bin/../lib/gcc/avr/4.3.3/../../../../avr/lib/avr6\libc.a(strnlen.o)
                              c:/winavr-20100110/bin/../lib/gcc/avr/4.3.3/../../../../avr/lib/avr6\libc.a(vfprintf_std.o) (strnlen)
c:/winavr-20100110/bin/../lib/gcc/avr/4.3.3/../../../../avr/lib/avr6\libc.a(fputc.o)
                              c:/winavr-20100110/bin/../lib/gcc/avr/4.3.3/../../../../avr/lib/avr6\libc.a(vfprintf_std.o) (fputc)
c:/winavr-20100110/bin/../lib/gcc/avr/4.3.3/../../../../avr/lib/avr6\libc.a(iob.o)
                              c:/winavr-20100110/bin/../lib/gcc/avr/4.3.3/../../../../avr/lib/avr6\libc.a(printf.o) (__iob)
c:/winavr-20100110/bin/../lib/gcc/avr/4.3.3/../../../../avr/lib/avr6\libc.a(ultoa_invert.o)
                              c:/winavr-20100110/bin/../lib/gcc/avr/4.3.3/../../../../avr/lib/avr6\libc.a(vfprintf_std.o) (__ultoa_invert)

Allocating common symbols
Common symbol       size              file

gbRcvPacketNum      0x1               C:\Documents and Settings\Ivan konstantinov\My Documents\RobotControl_v_1_0\zigbee_src_winavr\lib\libzigbee.a(zigbee.o)
gbRcvFlag           0x1               C:\Documents and Settings\Ivan konstantinov\My Documents\RobotControl_v_1_0\zigbee_src_winavr\lib\libzigbee.a(zigbee.o)
flag                0x2               robot_control_v_1_0.o
msg                 0x2               robot_control_v_1_0.o
gwReturnDelayCountNum
                    0x2               C:\Documents and Settings\Ivan konstantinov\My Documents\RobotControl_v_1_0\zigbee_src_winavr\lib\libdynamixel.a(dxl_hal.o)
gwRcvData           0x4               C:\Documents and Settings\Ivan konstantinov\My Documents\RobotControl_v_1_0\zigbee_src_winavr\lib\libzigbee.a(zigbee.o)
gfByteTransTime_us  0x4               C:\Documents and Settings\Ivan konstantinov\My Documents\RobotControl_v_1_0\zigbee_src_winavr\lib\libdynamixel.a(dxl_hal.o)
time                0x2               robot_control_v_1_0.o
gwTimeoutCountNum   0x2               C:\Documents and Settings\Ivan konstantinov\My Documents\RobotControl_v_1_0\zigbee_src_winavr\lib\libdynamixel.a(dxl_hal.o)
gwCountNum          0x2               C:\Documents and Settings\Ivan konstantinov\My Documents\RobotControl_v_1_0\zigbee_src_winavr\lib\libdynamixel.a(dxl_hal.o)
gbRcvPacket         0x5               C:\Documents and Settings\Ivan konstantinov\My Documents\RobotControl_v_1_0\zigbee_src_winavr\lib\libzigbee.a(zigbee.o)
count               0x2               robot_control_v_1_0.o
speed               0x2               robot_control_v_1_0.o
header_received     0x2               robot_control_v_1_0.o
__iob               0x6               c:/winavr-20100110/bin/../lib/gcc/avr/4.3.3/../../../../avr/lib/avr6\libc.a(iob.o)
cmd                 0x2               robot_control_v_1_0.o

Memory Configuration

Name             Origin             Length             Attributes
text             0x00000000         0x00100000         xr
data             0x00800200         0x0000fe00         rw !x
eeprom           0x00810000         0x00010000         rw !x
fuse             0x00820000         0x00000400         rw !x
lock             0x00830000         0x00000400         rw !x
signature        0x00840000         0x00000400         rw !x
*default*        0x00000000         0xffffffff

Linker script and memory map

Address of section .data set to 0x800200
LOAD c:/winavr-20100110/bin/../lib/gcc/avr/4.3.3/../../../../avr/lib/avr6/crtm2561.o
LOAD robot_control_v_1_0.o
LOAD dynamixel_control.o
LOAD C:\Documents and Settings\Ivan konstantinov\My Documents\RobotControl_v_1_0\zigbee_src_winavr\lib\libdynamixel.a
LOAD C:\Documents and Settings\Ivan konstantinov\My Documents\RobotControl_v_1_0\zigbee_src_winavr\lib\libzigbee.a
LOAD c:/winavr-20100110/bin/../lib/gcc/avr/4.3.3/avr6\libgcc.a
LOAD c:/winavr-20100110/bin/../lib/gcc/avr/4.3.3/../../../../avr/lib/avr6\libc.a
LOAD c:/winavr-20100110/bin/../lib/gcc/avr/4.3.3/avr6\libgcc.a

.hash
 *(.hash)

.dynsym
 *(.dynsym)

.dynstr
 *(.dynstr)

.gnu.version
 *(.gnu.version)

.gnu.version_d
 *(.gnu.version_d)

.gnu.version_r
 *(.gnu.version_r)

.rel.init
 *(.rel.init)

.rela.init
 *(.rela.init)

.rel.text
 *(.rel.text)
 *(.rel.text.*)
 *(.rel.gnu.linkonce.t*)

.rela.text
 *(.rela.text)
 *(.rela.text.*)
 *(.rela.gnu.linkonce.t*)

.rel.fini
 *(.rel.fini)

.rela.fini
 *(.rela.fini)

.rel.rodata
 *(.rel.rodata)
 *(.rel.rodata.*)
 *(.rel.gnu.linkonce.r*)

.rela.rodata
 *(.rela.rodata)
 *(.rela.rodata.*)
 *(.rela.gnu.linkonce.r*)

.rel.data
 *(.rel.data)
 *(.rel.data.*)
 *(.rel.gnu.linkonce.d*)

.rela.data
 *(.rela.data)
 *(.rela.data.*)
 *(.rela.gnu.linkonce.d*)

.rel.ctors
 *(.rel.ctors)

.rela.ctors
 *(.rela.ctors)

.rel.dtors
 *(.rel.dtors)

.rela.dtors
 *(.rela.dtors)

.rel.got
 *(.rel.got)

.rela.got
 *(.rela.got)

.rel.bss
 *(.rel.bss)

.rela.bss
 *(.rela.bss)

.rel.plt
 *(.rel.plt)

.rela.plt
 *(.rela.plt)

.text           0x00000000     0x2ba6
 *(.vectors)
 .vectors       0x00000000       0xcc c:/winavr-20100110/bin/../lib/gcc/avr/4.3.3/../../../../avr/lib/avr6/crtm2561.o
                0x00000000                __vectors
                0x00000000                __vector_default
 *(.vectors)
 *(.progmem.gcc*)
 *(.progmem*)
                0x000000cc                . = ALIGN (0x2)
                0x000000cc                __trampolines_start = .
 *(.trampolines)
 .trampolines   0x000000cc        0x0 linker stubs
 *(.trampolines*)
                0x000000cc                __trampolines_end = .
 *(.jumptables)
 *(.jumptables*)
 *(.lowtext)
 *(.lowtext*)
                0x000000cc                __ctors_start = .
 *(.ctors)
                0x000000cc                __ctors_end = .
                0x000000cc                __dtors_start = .
 *(.dtors)
                0x000000cc                __dtors_end = .
 SORT(*)(.ctors)
 SORT(*)(.dtors)
 *(.init0)
 .init0         0x000000cc        0x0 c:/winavr-20100110/bin/../lib/gcc/avr/4.3.3/../../../../avr/lib/avr6/crtm2561.o
                0x000000cc                __init
 *(.init0)
 *(.init1)
 *(.init1)
 *(.init2)
 .init2         0x000000cc       0x10 c:/winavr-20100110/bin/../lib/gcc/avr/4.3.3/../../../../avr/lib/avr6/crtm2561.o
 *(.init2)
 *(.init3)
 *(.init3)
 *(.init4)
 .init4         0x000000dc       0x1a c:/winavr-20100110/bin/../lib/gcc/avr/4.3.3/../../../../avr/lib/avr6/crtm2561.o
                0x000000dc                __do_copy_data
 .init4         0x000000f6       0x10 c:/winavr-20100110/bin/../lib/gcc/avr/4.3.3/avr6\libgcc.a(_clear_bss.o)
                0x000000f6                __do_clear_bss
 *(.init4)
 *(.init5)
 *(.init5)
 *(.init6)
 *(.init6)
 *(.init7)
 *(.init7)
 *(.init8)
 *(.init8)
 *(.init9)
 .init9         0x00000106        0x8 c:/winavr-20100110/bin/../lib/gcc/avr/4.3.3/../../../../avr/lib/avr6/crtm2561.o
 *(.init9)
 *(.text)
 .text          0x0000010e        0x4 c:/winavr-20100110/bin/../lib/gcc/avr/4.3.3/../../../../avr/lib/avr6/crtm2561.o
                0x0000010e                __vector_38
                0x0000010e                __vector_22
                0x0000010e                __vector_28
                0x0000010e                __vector_1
                0x0000010e                __vector_32
                0x0000010e                __vector_34
                0x0000010e                __vector_24
                0x0000010e                __vector_12
                0x0000010e                __vector_46
                0x0000010e                __bad_interrupt
                0x0000010e                __vector_6
                0x0000010e                __vector_31
                0x0000010e                __vector_35
                0x0000010e                __vector_39
                0x0000010e                __vector_3
                0x0000010e                __vector_23
                0x0000010e                __vector_30
                0x0000010e                __vector_45
                0x0000010e                __vector_11
                0x0000010e                __vector_13
                0x0000010e                __vector_17
                0x0000010e                __vector_19
                0x0000010e                __vector_7
                0x0000010e                __vector_49
                0x0000010e                __vector_41
                0x0000010e                __vector_43
                0x0000010e                __vector_27
                0x0000010e                __vector_5
                0x0000010e                __vector_33
                0x0000010e                __vector_47
                0x0000010e                __vector_37
                0x0000010e                __vector_4
                0x0000010e                __vector_44
                0x0000010e                __vector_9
                0x0000010e                __vector_2
                0x0000010e                __vector_21
                0x0000010e                __vector_15
                0x0000010e                __vector_29
                0x0000010e                __vector_40
                0x0000010e                __vector_8
                0x0000010e                __vector_26
                0x0000010e                __vector_48
                0x0000010e                __vector_14
                0x0000010e                __vector_10
                0x0000010e                __vector_50
                0x0000010e                __vector_16
                0x0000010e                __vector_18
                0x0000010e                __vector_20
                0x0000010e                __vector_42
 .text          0x00000112      0x216 robot_control_v_1_0.o
                0x000002a2                main
                0x00000112                __vector_36
 .text          0x00000328      0x82a dynamixel_control.o
                0x000009ee                test_dxl
                0x0000085e                test_robot_turning
                0x00000450                dyn_stop
                0x000004b8                send_dxl_broadcast
                0x0000066a                dyn_turn_left
                0x000007ae                dyn_exec
                0x000003b2                set_stop_delay
                0x0000076c                dyn_forward
                0x00000908                print_error_code
                0x000008ca                dyn_init
                0x000005a6                dyn_turn_right
                0x000003ca                check_if_moving
                0x00000996                print_comm_status
                0x00000346                delay
                0x00000462                cancel_command
                0x00000328                check_delay
                0x000003bc                confirm
                0x00000898                set_wheel_mode
                0x00000728                dyn_backward
 .text          0x00000b52      0x45c C:\Documents and Settings\Ivan konstantinov\My Documents\RobotControl_v_1_0\zigbee_src_winavr\lib\libdynamixel.a(dynamixel.o)
                0x00000f28                dxl_ping
                0x00000b78                dxl_get_rxpacket_error
                0x00000ec4                dxl_write_byte
                0x00000bbc                dxl_rx_packet
                0x00000b72                dxl_set_txpacket_length
                0x00000b52                dxl_get_result
                0x00000ef2                dxl_read_byte
                0x00000d52                dxl_tx_packet
                0x00000f4e                dxl_terminate
                0x00000b62                dxl_set_txpacket_instruction
                0x00000b8c                dxl_get_rxpacket_length
                0x00000e60                dxl_write_word
                0x00000bb4                dxl_get_highbyte
                0x00000f54                dxl_initialize
                0x00000ba0                dxl_makeword
                0x00000bac                dxl_get_lowbyte
                0x00000b94                dxl_get_rxpacket_parameter
                0x00000b5c                dxl_set_txpacket_id
                0x00000e86                dxl_read_word
                0x00000e26                dxl_txrx_packet
                0x00000b68                dxl_set_txpacket_parameter
 .text          0x00000fae      0x3c2 C:\Documents and Settings\Ivan konstantinov\My Documents\RobotControl_v_1_0\zigbee_src_winavr\lib\libdynamixel.a(dxl_hal.o)
                0x00001060                dxl_hal_close
                0x0000128a                dxl_hal_get_queue
                0x000012c2                dxl_hal_rx
                0x0000131c                __vector_25
                0x0000106c                dxl_hal_tx
                0x00001062                dxl_hal_clear
                0x00000fae                dxl_hal_open
                0x00001254                dxl_hal_put_queue
                0x00001210                dxl_hal_get_qstate
                0x000010b4                dxl_hal_set_timeout
                0x000010d6                dxl_hal_timeout
 .text          0x00001370      0x1dc C:\Documents and Settings\Ivan konstantinov\My Documents\RobotControl_v_1_0\zigbee_src_winavr\lib\libzigbee.a(zigbee.o)
                0x000014b6                zgb_tx_data
                0x00001516                zgb_initialize
                0x00001510                zgb_terminate
                0x00001386                zgb_rx_check
                0x00001370                zgb_rx_data
 .text          0x0000154c      0x168 C:\Documents and Settings\Ivan konstantinov\My Documents\RobotControl_v_1_0\zigbee_src_winavr\lib\libzigbee.a(zgb_hal.o)
                0x0000166c                zgb_hal_rx
                0x000015be                zgb_hal_get_qstate
                0x00001594                zgb_hal_tx
                0x00001592                zgb_hal_close
                0x0000154c                zgb_hal_open
                0x00001602                zgb_hal_put_queue
                0x00001638                zgb_hal_get_queue
 .text          0x000016b4        0x0 c:/winavr-20100110/bin/../lib/gcc/avr/4.3.3/avr6\libgcc.a(_divmodhi4.o)
 .text          0x000016b4        0x0 c:/winavr-20100110/bin/../lib/gcc/avr/4.3.3/avr6\libgcc.a(_exit.o)
 .text          0x000016b4        0x0 c:/winavr-20100110/bin/../lib/gcc/avr/4.3.3/avr6\libgcc.a(_clear_bss.o)
 .text          0x000016b4       0x58 c:/winavr-20100110/bin/../lib/gcc/avr/4.3.3/avr6\libgcc.a(_fixunssfsi.o)
                0x000016b4                __fixunssfsi
 .text          0x0000170c      0x354 c:/winavr-20100110/bin/../lib/gcc/avr/4.3.3/avr6\libgcc.a(_addsub_sf.o)
                0x000019a4                __subsf3
                0x00001a06                __addsf3
 .text          0x00001a60      0x1f4 c:/winavr-20100110/bin/../lib/gcc/avr/4.3.3/avr6\libgcc.a(_mul_sf.o)
                0x00001a60                __mulsf3
 .text          0x00001c54      0x158 c:/winavr-20100110/bin/../lib/gcc/avr/4.3.3/avr6\libgcc.a(_div_sf.o)
                0x00001c54                __divsf3
 .text          0x00001dac       0x60 c:/winavr-20100110/bin/../lib/gcc/avr/4.3.3/avr6\libgcc.a(_gt_sf.o)
                0x00001dac                __gtsf2
 .text          0x00001e0c       0x60 c:/winavr-20100110/bin/../lib/gcc/avr/4.3.3/avr6\libgcc.a(_ge_sf.o)
                0x00001e0c                __gesf2
 .text          0x00001e6c       0x60 c:/winavr-20100110/bin/../lib/gcc/avr/4.3.3/avr6\libgcc.a(_lt_sf.o)
                0x00001e6c                __ltsf2
 .text          0x00001ecc       0xbc c:/winavr-20100110/bin/../lib/gcc/avr/4.3.3/avr6\libgcc.a(_si_to_sf.o)
                0x00001ecc                __floatsisf
 .text          0x00001f88       0xa8 c:/winavr-20100110/bin/../lib/gcc/avr/4.3.3/avr6\libgcc.a(_sf_to_si.o)
                0x00001f88                __fixsfsi
 .text          0x00002030        0x0 c:/winavr-20100110/bin/../lib/gcc/avr/4.3.3/avr6\libgcc.a(_thenan_sf.o)
 .text          0x00002030       0xf2 c:/winavr-20100110/bin/../lib/gcc/avr/4.3.3/avr6\libgcc.a(_usi_to_sf.o)
                0x00002030                __floatunsisf
 .text          0x00002122        0x0 c:/winavr-20100110/bin/../lib/gcc/avr/4.3.3/avr6\libgcc.a(_udivmodhi4.o)
 .text          0x00002122        0x0 c:/winavr-20100110/bin/../lib/gcc/avr/4.3.3/avr6\libgcc.a(_prologue.o)
 .text          0x00002122        0x0 c:/winavr-20100110/bin/../lib/gcc/avr/4.3.3/avr6\libgcc.a(_epilogue.o)
 .text          0x00002122       0x9e c:/winavr-20100110/bin/../lib/gcc/avr/4.3.3/avr6\libgcc.a(_clzsi2.o)
                0x00002122                __clzsi2
 .text          0x000021c0      0x1aa c:/winavr-20100110/bin/../lib/gcc/avr/4.3.3/avr6\libgcc.a(_pack_sf.o)
                0x000021c0                __pack_f
 .text          0x0000236a       0xf0 c:/winavr-20100110/bin/../lib/gcc/avr/4.3.3/avr6\libgcc.a(_unpack_sf.o)
                0x0000236a                __unpack_f
 .text          0x0000245a       0xb2 c:/winavr-20100110/bin/../lib/gcc/avr/4.3.3/avr6\libgcc.a(_fpcmp_parts_sf.o)
                0x0000245a                __fpcmp_parts_f
 .text          0x0000250c        0x0 c:/winavr-20100110/bin/../lib/gcc/avr/4.3.3/avr6\libgcc.a(_clz.o)
 .text          0x0000250c        0x0 c:/winavr-20100110/bin/../lib/gcc/avr/4.3.3/../../../../avr/lib/avr6\libc.a(printf.o)
 .text          0x0000250c        0x0 c:/winavr-20100110/bin/../lib/gcc/avr/4.3.3/../../../../avr/lib/avr6\libc.a(puts.o)
 .text          0x0000250c        0x0 c:/winavr-20100110/bin/../lib/gcc/avr/4.3.3/../../../../avr/lib/avr6\libc.a(vfprintf_std.o)
 .text          0x0000250c        0x0 c:/winavr-20100110/bin/../lib/gcc/avr/4.3.3/../../../../avr/lib/avr6\libc.a(strnlen_P.o)
 .text          0x0000250c        0x0 c:/winavr-20100110/bin/../lib/gcc/avr/4.3.3/../../../../avr/lib/avr6\libc.a(strnlen.o)
 .text          0x0000250c        0x0 c:/winavr-20100110/bin/../lib/gcc/avr/4.3.3/../../../../avr/lib/avr6\libc.a(fputc.o)
 .text          0x0000250c        0x0 c:/winavr-20100110/bin/../lib/gcc/avr/4.3.3/../../../../avr/lib/avr6\libc.a(iob.o)
 .text          0x0000250c        0x0 c:/winavr-20100110/bin/../lib/gcc/avr/4.3.3/../../../../avr/lib/avr6\libc.a(ultoa_invert.o)
                0x0000250c                . = ALIGN (0x2)
 *(.text.*)
 .text.libgcc   0x0000250c       0x26 c:/winavr-20100110/bin/../lib/gcc/avr/4.3.3/avr6\libgcc.a(_divmodhi4.o)
                0x0000250c                __divmodhi4
                0x0000250c                _div
 .text.libgcc   0x00002532        0x0 c:/winavr-20100110/bin/../lib/gcc/avr/4.3.3/avr6\libgcc.a(_exit.o)
 .text.libgcc   0x00002532        0x0 c:/winavr-20100110/bin/../lib/gcc/avr/4.3.3/avr6\libgcc.a(_clear_bss.o)
 .text.libgcc   0x00002532       0x28 c:/winavr-20100110/bin/../lib/gcc/avr/4.3.3/avr6\libgcc.a(_udivmodhi4.o)
                0x00002532                __udivmodhi4
 .text.libgcc   0x0000255a       0x38 c:/winavr-20100110/bin/../lib/gcc/avr/4.3.3/avr6\libgcc.a(_prologue.o)
                0x0000255a                __prologue_saves__
 .text.libgcc   0x00002592       0x36 c:/winavr-20100110/bin/../lib/gcc/avr/4.3.3/avr6\libgcc.a(_epilogue.o)
                0x00002592                __epilogue_restores__
 .text.avr-libc
                0x000025c8       0x24 c:/winavr-20100110/bin/../lib/gcc/avr/4.3.3/../../../../avr/lib/avr6\libc.a(printf.o)
                0x000025c8                printf
 .text.avr-libc
                0x000025ec       0x6a c:/winavr-20100110/bin/../lib/gcc/avr/4.3.3/../../../../avr/lib/avr6\libc.a(puts.o)
                0x000025ec                puts
 .text.avr-libc
                0x00002656      0x40c c:/winavr-20100110/bin/../lib/gcc/avr/4.3.3/../../../../avr/lib/avr6\libc.a(vfprintf_std.o)
                0x00002656                vfprintf
 .text.avr-libc
                0x00002a62       0x16 c:/winavr-20100110/bin/../lib/gcc/avr/4.3.3/../../../../avr/lib/avr6\libc.a(strnlen_P.o)
                0x00002a62                strnlen_P
 .text.avr-libc
                0x00002a78       0x16 c:/winavr-20100110/bin/../lib/gcc/avr/4.3.3/../../../../avr/lib/avr6\libc.a(strnlen.o)
                0x00002a78                strnlen
 .text.avr-libc
                0x00002a8e       0x58 c:/winavr-20100110/bin/../lib/gcc/avr/4.3.3/../../../../avr/lib/avr6\libc.a(fputc.o)
                0x00002a8e                fputc
 .text.avr-libc
                0x00002ae6       0xbc c:/winavr-20100110/bin/../lib/gcc/avr/4.3.3/../../../../avr/lib/avr6\libc.a(ultoa_invert.o)
                0x00002ae6                __ultoa_invert
                0x00002ba2                . = ALIGN (0x2)
 *(.fini9)
 .fini9         0x00002ba2        0x0 c:/winavr-20100110/bin/../lib/gcc/avr/4.3.3/avr6\libgcc.a(_exit.o)
                0x00002ba2                exit
                0x00002ba2                _exit
 *(.fini9)
 *(.fini8)
 *(.fini8)
 *(.fini7)
 *(.fini7)
 *(.fini6)
 *(.fini6)
 *(.fini5)
 *(.fini5)
 *(.fini4)
 *(.fini4)
 *(.fini3)
 *(.fini3)
 *(.fini2)
 *(.fini2)
 *(.fini1)
 *(.fini1)
 *(.fini0)
 .fini0         0x00002ba2        0x4 c:/winavr-20100110/bin/../lib/gcc/avr/4.3.3/avr6\libgcc.a(_exit.o)
 *(.fini0)
                0x00002ba6                _etext = .

.data           0x00800200      0x31c load address 0x00002ba6
                0x00800200                PROVIDE (__data_start, .)
 *(.data)
 .data          0x00800200        0x0 c:/winavr-20100110/bin/../lib/gcc/avr/4.3.3/../../../../avr/lib/avr6/crtm2561.o
 .data          0x00800200        0x0 robot_control_v_1_0.o
 .data          0x00800200      0x211 dynamixel_control.o
                0x00800409                ids
 .data          0x00800411        0x2 C:\Documents and Settings\Ivan konstantinov\My Documents\RobotControl_v_1_0\zigbee_src_winavr\lib\libdynamixel.a(dynamixel.o)
                0x00800411                gbCommStatus
 .data          0x00800413        0x0 C:\Documents and Settings\Ivan konstantinov\My Documents\RobotControl_v_1_0\zigbee_src_winavr\lib\libdynamixel.a(dxl_hal.o)
 .data          0x00800413        0x0 C:\Documents and Settings\Ivan konstantinov\My Documents\RobotControl_v_1_0\zigbee_src_winavr\lib\libzigbee.a(zigbee.o)
 .data          0x00800413        0x0 C:\Documents and Settings\Ivan konstantinov\My Documents\RobotControl_v_1_0\zigbee_src_winavr\lib\libzigbee.a(zgb_hal.o)
 .data          0x00800413        0x0 c:/winavr-20100110/bin/../lib/gcc/avr/4.3.3/avr6\libgcc.a(_divmodhi4.o)
 .data          0x00800413        0x0 c:/winavr-20100110/bin/../lib/gcc/avr/4.3.3/avr6\libgcc.a(_exit.o)
 .data          0x00800413        0x0 c:/winavr-20100110/bin/../lib/gcc/avr/4.3.3/avr6\libgcc.a(_clear_bss.o)
 .data          0x00800413        0x0 c:/winavr-20100110/bin/../lib/gcc/avr/4.3.3/avr6\libgcc.a(_fixunssfsi.o)
 .data          0x00800413        0x0 c:/winavr-20100110/bin/../lib/gcc/avr/4.3.3/avr6\libgcc.a(_addsub_sf.o)
 .data          0x00800413        0x0 c:/winavr-20100110/bin/../lib/gcc/avr/4.3.3/avr6\libgcc.a(_mul_sf.o)
 .data          0x00800413        0x0 c:/winavr-20100110/bin/../lib/gcc/avr/4.3.3/avr6\libgcc.a(_div_sf.o)
 .data          0x00800413        0x0 c:/winavr-20100110/bin/../lib/gcc/avr/4.3.3/avr6\libgcc.a(_gt_sf.o)
 .data          0x00800413        0x0 c:/winavr-20100110/bin/../lib/gcc/avr/4.3.3/avr6\libgcc.a(_ge_sf.o)
 .data          0x00800413        0x0 c:/winavr-20100110/bin/../lib/gcc/avr/4.3.3/avr6\libgcc.a(_lt_sf.o)
 .data          0x00800413        0x0 c:/winavr-20100110/bin/../lib/gcc/avr/4.3.3/avr6\libgcc.a(_si_to_sf.o)
 .data          0x00800413        0x0 c:/winavr-20100110/bin/../lib/gcc/avr/4.3.3/avr6\libgcc.a(_sf_to_si.o)
 .data          0x00800413        0x8 c:/winavr-20100110/bin/../lib/gcc/avr/4.3.3/avr6\libgcc.a(_thenan_sf.o)
                0x00800413                __thenan_sf
 .data          0x0080041b        0x0 c:/winavr-20100110/bin/../lib/gcc/avr/4.3.3/avr6\libgcc.a(_usi_to_sf.o)
 .data          0x0080041b        0x0 c:/winavr-20100110/bin/../lib/gcc/avr/4.3.3/avr6\libgcc.a(_udivmodhi4.o)
 .data          0x0080041b        0x0 c:/winavr-20100110/bin/../lib/gcc/avr/4.3.3/avr6\libgcc.a(_prologue.o)
 .data          0x0080041b        0x0 c:/winavr-20100110/bin/../lib/gcc/avr/4.3.3/avr6\libgcc.a(_epilogue.o)
 .data          0x0080041b        0x0 c:/winavr-20100110/bin/../lib/gcc/avr/4.3.3/avr6\libgcc.a(_clzsi2.o)
 .data          0x0080041b        0x0 c:/winavr-20100110/bin/../lib/gcc/avr/4.3.3/avr6\libgcc.a(_pack_sf.o)
 .data          0x0080041b        0x0 c:/winavr-20100110/bin/../lib/gcc/avr/4.3.3/avr6\libgcc.a(_unpack_sf.o)
 .data          0x0080041b        0x0 c:/winavr-20100110/bin/../lib/gcc/avr/4.3.3/avr6\libgcc.a(_fpcmp_parts_sf.o)
 .data          0x0080041b      0x100 c:/winavr-20100110/bin/../lib/gcc/avr/4.3.3/avr6\libgcc.a(_clz.o)
                0x0080041b                __clz_tab
 .data          0x0080051b        0x0 c:/winavr-20100110/bin/../lib/gcc/avr/4.3.3/../../../../avr/lib/avr6\libc.a(printf.o)
 .data          0x0080051b        0x0 c:/winavr-20100110/bin/../lib/gcc/avr/4.3.3/../../../../avr/lib/avr6\libc.a(puts.o)
 .data          0x0080051b        0x0 c:/winavr-20100110/bin/../lib/gcc/avr/4.3.3/../../../../avr/lib/avr6\libc.a(vfprintf_std.o)
 .data          0x0080051b        0x0 c:/winavr-20100110/bin/../lib/gcc/avr/4.3.3/../../../../avr/lib/avr6\libc.a(strnlen_P.o)
 .data          0x0080051b        0x0 c:/winavr-20100110/bin/../lib/gcc/avr/4.3.3/../../../../avr/lib/avr6\libc.a(strnlen.o)
 .data          0x0080051b        0x0 c:/winavr-20100110/bin/../lib/gcc/avr/4.3.3/../../../../avr/lib/avr6\libc.a(fputc.o)
 .data          0x0080051b        0x0 c:/winavr-20100110/bin/../lib/gcc/avr/4.3.3/../../../../avr/lib/avr6\libc.a(iob.o)
 .data          0x0080051b        0x0 c:/winavr-20100110/bin/../lib/gcc/avr/4.3.3/../../../../avr/lib/avr6\libc.a(ultoa_invert.o)
 *(.data*)
 *(.rodata)
 *(.rodata*)
 *(.gnu.linkonce.d*)
                0x0080051c                . = ALIGN (0x2)
 *fill*         0x0080051b        0x1 00
                0x0080051c                _edata = .
                0x0080051c                PROVIDE (__data_end, .)

.bss            0x0080051c      0x31b
                0x0080051c                PROVIDE (__bss_start, .)
 *(.bss)
 .bss           0x0080051c        0x0 c:/winavr-20100110/bin/../lib/gcc/avr/4.3.3/../../../../avr/lib/avr6/crtm2561.o
 .bss           0x0080051c        0x0 robot_control_v_1_0.o
 .bss           0x0080051c        0x4 dynamixel_control.o
                0x0080051e                is_executing_cmd
                0x0080051c                stop_delay
 .bss           0x00800520       0xea C:\Documents and Settings\Ivan konstantinov\My Documents\RobotControl_v_1_0\zigbee_src_winavr\lib\libdynamixel.a(dynamixel.o)
                0x00800520                gbInstructionPacket
                0x00800606                gbRxPacketLength
                0x00800607                gbRxGetLength
                0x00800608                giBusUsing
                0x008005c0                gbStatusPacket
 .bss           0x0080060a      0x102 C:\Documents and Settings\Ivan konstantinov\My Documents\RobotControl_v_1_0\zigbee_src_winavr\lib\libdynamixel.a(dxl_hal.o)
                0x0080070b                gbDxlBufferTail
                0x0080060a                gbDxlBuffer
                0x0080070a                gbDxlBufferHead
 .bss           0x0080070c        0x0 C:\Documents and Settings\Ivan konstantinov\My Documents\RobotControl_v_1_0\zigbee_src_winavr\lib\libzigbee.a(zigbee.o)
 .bss           0x0080070c      0x102 C:\Documents and Settings\Ivan konstantinov\My Documents\RobotControl_v_1_0\zigbee_src_winavr\lib\libzigbee.a(zgb_hal.o)
                0x0080080d                gbZgbBufferTail
                0x0080080c                gbZgbBufferHead
                0x0080070c                gbZgbBuffer
 .bss           0x0080080e        0x0 c:/winavr-20100110/bin/../lib/gcc/avr/4.3.3/avr6\libgcc.a(_divmodhi4.o)
 .bss           0x0080080e        0x0 c:/winavr-20100110/bin/../lib/gcc/avr/4.3.3/avr6\libgcc.a(_exit.o)
 .bss           0x0080080e        0x0 c:/winavr-20100110/bin/../lib/gcc/avr/4.3.3/avr6\libgcc.a(_clear_bss.o)
 .bss           0x0080080e        0x0 c:/winavr-20100110/bin/../lib/gcc/avr/4.3.3/avr6\libgcc.a(_fixunssfsi.o)
 .bss           0x0080080e        0x0 c:/winavr-20100110/bin/../lib/gcc/avr/4.3.3/avr6\libgcc.a(_addsub_sf.o)
 .bss           0x0080080e        0x0 c:/winavr-20100110/bin/../lib/gcc/avr/4.3.3/avr6\libgcc.a(_mul_sf.o)
 .bss           0x0080080e        0x0 c:/winavr-20100110/bin/../lib/gcc/avr/4.3.3/avr6\libgcc.a(_div_sf.o)
 .bss           0x0080080e        0x0 c:/winavr-20100110/bin/../lib/gcc/avr/4.3.3/avr6\libgcc.a(_gt_sf.o)
 .bss           0x0080080e        0x0 c:/winavr-20100110/bin/../lib/gcc/avr/4.3.3/avr6\libgcc.a(_ge_sf.o)
 .bss           0x0080080e        0x0 c:/winavr-20100110/bin/../lib/gcc/avr/4.3.3/avr6\libgcc.a(_lt_sf.o)
 .bss           0x0080080e        0x0 c:/winavr-20100110/bin/../lib/gcc/avr/4.3.3/avr6\libgcc.a(_si_to_sf.o)
 .bss           0x0080080e        0x0 c:/winavr-20100110/bin/../lib/gcc/avr/4.3.3/avr6\libgcc.a(_sf_to_si.o)
 .bss           0x0080080e        0x0 c:/winavr-20100110/bin/../lib/gcc/avr/4.3.3/avr6\libgcc.a(_thenan_sf.o)
 .bss           0x0080080e        0x0 c:/winavr-20100110/bin/../lib/gcc/avr/4.3.3/avr6\libgcc.a(_usi_to_sf.o)
 .bss           0x0080080e        0x0 c:/winavr-20100110/bin/../lib/gcc/avr/4.3.3/avr6\libgcc.a(_udivmodhi4.o)
 .bss           0x0080080e        0x0 c:/winavr-20100110/bin/../lib/gcc/avr/4.3.3/avr6\libgcc.a(_prologue.o)
 .bss           0x0080080e        0x0 c:/winavr-20100110/bin/../lib/gcc/avr/4.3.3/avr6\libgcc.a(_epilogue.o)
 .bss           0x0080080e        0x0 c:/winavr-20100110/bin/../lib/gcc/avr/4.3.3/avr6\libgcc.a(_clzsi2.o)
 .bss           0x0080080e        0x0 c:/winavr-20100110/bin/../lib/gcc/avr/4.3.3/avr6\libgcc.a(_pack_sf.o)
 .bss           0x0080080e        0x0 c:/winavr-20100110/bin/../lib/gcc/avr/4.3.3/avr6\libgcc.a(_unpack_sf.o)
 .bss           0x0080080e        0x0 c:/winavr-20100110/bin/../lib/gcc/avr/4.3.3/avr6\libgcc.a(_fpcmp_parts_sf.o)
 .bss           0x0080080e        0x0 c:/winavr-20100110/bin/../lib/gcc/avr/4.3.3/avr6\libgcc.a(_clz.o)
 .bss           0x0080080e        0x0 c:/winavr-20100110/bin/../lib/gcc/avr/4.3.3/../../../../avr/lib/avr6\libc.a(printf.o)
 .bss           0x0080080e        0x0 c:/winavr-20100110/bin/../lib/gcc/avr/4.3.3/../../../../avr/lib/avr6\libc.a(puts.o)
 .bss           0x0080080e        0x0 c:/winavr-20100110/bin/../lib/gcc/avr/4.3.3/../../../../avr/lib/avr6\libc.a(vfprintf_std.o)
 .bss           0x0080080e        0x0 c:/winavr-20100110/bin/../lib/gcc/avr/4.3.3/../../../../avr/lib/avr6\libc.a(strnlen_P.o)
 .bss           0x0080080e        0x0 c:/winavr-20100110/bin/../lib/gcc/avr/4.3.3/../../../../avr/lib/avr6\libc.a(strnlen.o)
 .bss           0x0080080e        0x0 c:/winavr-20100110/bin/../lib/gcc/avr/4.3.3/../../../../avr/lib/avr6\libc.a(fputc.o)
 .bss           0x0080080e        0x0 c:/winavr-20100110/bin/../lib/gcc/avr/4.3.3/../../../../avr/lib/avr6\libc.a(iob.o)
 .bss           0x0080080e        0x0 c:/winavr-20100110/bin/../lib/gcc/avr/4.3.3/../../../../avr/lib/avr6\libc.a(ultoa_invert.o)
 *(.bss*)
 *(COMMON)
 COMMON         0x0080080e        0xe robot_control_v_1_0.o
                0x0080080e                flag
                0x00800810                msg
                0x00800812                time
                0x00800814                count
                0x00800816                speed
                0x00800818                header_received
                0x0080081a                cmd
 COMMON         0x0080081c        0xa C:\Documents and Settings\Ivan konstantinov\My Documents\RobotControl_v_1_0\zigbee_src_winavr\lib\libdynamixel.a(dxl_hal.o)
                0x0080081c                gwReturnDelayCountNum
                0x0080081e                gfByteTransTime_us
                0x00800822                gwTimeoutCountNum
                0x00800824                gwCountNum
 COMMON         0x00800826        0xb C:\Documents and Settings\Ivan konstantinov\My Documents\RobotControl_v_1_0\zigbee_src_winavr\lib\libzigbee.a(zigbee.o)
                0x00800826                gbRcvPacketNum
                0x00800827                gbRcvFlag
                0x00800828                gwRcvData
                0x0080082c                gbRcvPacket
 COMMON         0x00800831        0x6 c:/winavr-20100110/bin/../lib/gcc/avr/4.3.3/../../../../avr/lib/avr6\libc.a(iob.o)
                0x00800831                __iob
                0x00800837                PROVIDE (__bss_end, .)
                0x00002ba6                __data_load_start = LOADADDR (.data)
                0x00002ec2                __data_load_end = (__data_load_start + SIZEOF (.data))

.noinit         0x00800837        0x0
                0x00800837                PROVIDE (__noinit_start, .)
 *(.noinit*)
                0x00800837                PROVIDE (__noinit_end, .)
                0x00800837                _end = .
                0x00800837                PROVIDE (__heap_start, .)

.eeprom         0x00810000        0x0
 *(.eeprom*)
                0x00810000                __eeprom_end = .

.fuse
 *(.fuse)
 *(.lfuse)
 *(.hfuse)
 *(.efuse)

.lock
 *(.lock*)

.signature
 *(.signature*)

.stab
 *(.stab)

.stabstr
 *(.stabstr)

.stab.excl
 *(.stab.excl)

.stab.exclstr
 *(.stab.exclstr)

.stab.index
 *(.stab.index)

.stab.indexstr
 *(.stab.indexstr)

.comment
 *(.comment)

.debug
 *(.debug)

.line
 *(.line)

.debug_srcinfo
 *(.debug_srcinfo)

.debug_sfnames
 *(.debug_sfnames)

.debug_aranges  0x00000000      0x280
 *(.debug_aranges)
 .debug_aranges
                0x00000000       0x20 robot_control_v_1_0.o
 .debug_aranges
                0x00000020       0x20 dynamixel_control.o
 .debug_aranges
                0x00000040       0x20 C:\Documents and Settings\Ivan konstantinov\My Documents\RobotControl_v_1_0\zigbee_src_winavr\lib\libdynamixel.a(dynamixel.o)
 .debug_aranges
                0x00000060       0x20 C:\Documents and Settings\Ivan konstantinov\My Documents\RobotControl_v_1_0\zigbee_src_winavr\lib\libdynamixel.a(dxl_hal.o)
 .debug_aranges
                0x00000080       0x20 C:\Documents and Settings\Ivan konstantinov\My Documents\RobotControl_v_1_0\zigbee_src_winavr\lib\libzigbee.a(zigbee.o)
 .debug_aranges
                0x000000a0       0x20 C:\Documents and Settings\Ivan konstantinov\My Documents\RobotControl_v_1_0\zigbee_src_winavr\lib\libzigbee.a(zgb_hal.o)
 .debug_aranges
                0x000000c0       0x20 c:/winavr-20100110/bin/../lib/gcc/avr/4.3.3/avr6\libgcc.a(_fixunssfsi.o)
 .debug_aranges
                0x000000e0       0x20 c:/winavr-20100110/bin/../lib/gcc/avr/4.3.3/avr6\libgcc.a(_addsub_sf.o)
 .debug_aranges
                0x00000100       0x20 c:/winavr-20100110/bin/../lib/gcc/avr/4.3.3/avr6\libgcc.a(_mul_sf.o)
 .debug_aranges
                0x00000120       0x20 c:/winavr-20100110/bin/../lib/gcc/avr/4.3.3/avr6\libgcc.a(_div_sf.o)
 .debug_aranges
                0x00000140       0x20 c:/winavr-20100110/bin/../lib/gcc/avr/4.3.3/avr6\libgcc.a(_gt_sf.o)
 .debug_aranges
                0x00000160       0x20 c:/winavr-20100110/bin/../lib/gcc/avr/4.3.3/avr6\libgcc.a(_ge_sf.o)
 .debug_aranges
                0x00000180       0x20 c:/winavr-20100110/bin/../lib/gcc/avr/4.3.3/avr6\libgcc.a(_lt_sf.o)
 .debug_aranges
                0x000001a0       0x20 c:/winavr-20100110/bin/../lib/gcc/avr/4.3.3/avr6\libgcc.a(_si_to_sf.o)
 .debug_aranges
                0x000001c0       0x20 c:/winavr-20100110/bin/../lib/gcc/avr/4.3.3/avr6\libgcc.a(_sf_to_si.o)
 .debug_aranges
                0x000001e0       0x20 c:/winavr-20100110/bin/../lib/gcc/avr/4.3.3/avr6\libgcc.a(_usi_to_sf.o)
 .debug_aranges
                0x00000200       0x20 c:/winavr-20100110/bin/../lib/gcc/avr/4.3.3/avr6\libgcc.a(_clzsi2.o)
 .debug_aranges
                0x00000220       0x20 c:/winavr-20100110/bin/../lib/gcc/avr/4.3.3/avr6\libgcc.a(_pack_sf.o)
 .debug_aranges
                0x00000240       0x20 c:/winavr-20100110/bin/../lib/gcc/avr/4.3.3/avr6\libgcc.a(_unpack_sf.o)
 .debug_aranges
                0x00000260       0x20 c:/winavr-20100110/bin/../lib/gcc/avr/4.3.3/avr6\libgcc.a(_fpcmp_parts_sf.o)

.debug_pubnames
                0x00000000      0x943
 *(.debug_pubnames)
 .debug_pubnames
                0x00000000       0x75 robot_control_v_1_0.o
 .debug_pubnames
                0x00000075      0x184 dynamixel_control.o
 .debug_pubnames
                0x000001f9      0x24f C:\Documents and Settings\Ivan konstantinov\My Documents\RobotControl_v_1_0\zigbee_src_winavr\lib\libdynamixel.a(dynamixel.o)
 .debug_pubnames
                0x00000448      0x172 C:\Documents and Settings\Ivan konstantinov\My Documents\RobotControl_v_1_0\zigbee_src_winavr\lib\libdynamixel.a(dxl_hal.o)
 .debug_pubnames
                0x000005ba       0xa7 C:\Documents and Settings\Ivan konstantinov\My Documents\RobotControl_v_1_0\zigbee_src_winavr\lib\libzigbee.a(zigbee.o)
 .debug_pubnames
                0x00000661       0xce C:\Documents and Settings\Ivan konstantinov\My Documents\RobotControl_v_1_0\zigbee_src_winavr\lib\libzigbee.a(zgb_hal.o)
 .debug_pubnames
                0x0000072f       0x23 c:/winavr-20100110/bin/../lib/gcc/avr/4.3.3/avr6\libgcc.a(_fixunssfsi.o)
 .debug_pubnames
                0x00000752       0x2c c:/winavr-20100110/bin/../lib/gcc/avr/4.3.3/avr6\libgcc.a(_addsub_sf.o)
 .debug_pubnames
                0x0000077e       0x1f c:/winavr-20100110/bin/../lib/gcc/avr/4.3.3/avr6\libgcc.a(_mul_sf.o)
 .debug_pubnames
                0x0000079d       0x1f c:/winavr-20100110/bin/../lib/gcc/avr/4.3.3/avr6\libgcc.a(_div_sf.o)
 .debug_pubnames
                0x000007bc       0x1e c:/winavr-20100110/bin/../lib/gcc/avr/4.3.3/avr6\libgcc.a(_gt_sf.o)
 .debug_pubnames
                0x000007da       0x1e c:/winavr-20100110/bin/../lib/gcc/avr/4.3.3/avr6\libgcc.a(_ge_sf.o)
 .debug_pubnames
                0x000007f8       0x1e c:/winavr-20100110/bin/../lib/gcc/avr/4.3.3/avr6\libgcc.a(_lt_sf.o)
 .debug_pubnames
                0x00000816       0x22 c:/winavr-20100110/bin/../lib/gcc/avr/4.3.3/avr6\libgcc.a(_si_to_sf.o)
 .debug_pubnames
                0x00000838       0x20 c:/winavr-20100110/bin/../lib/gcc/avr/4.3.3/avr6\libgcc.a(_sf_to_si.o)
 .debug_pubnames
                0x00000858       0x22 c:/winavr-20100110/bin/../lib/gcc/avr/4.3.3/avr6\libgcc.a(_thenan_sf.o)
 .debug_pubnames
                0x0000087a       0x24 c:/winavr-20100110/bin/../lib/gcc/avr/4.3.3/avr6\libgcc.a(_usi_to_sf.o)
 .debug_pubnames
                0x0000089e       0x1f c:/winavr-20100110/bin/../lib/gcc/avr/4.3.3/avr6\libgcc.a(_clzsi2.o)
 .debug_pubnames
                0x000008bd       0x1f c:/winavr-20100110/bin/../lib/gcc/avr/4.3.3/avr6\libgcc.a(_pack_sf.o)
 .debug_pubnames
                0x000008dc       0x21 c:/winavr-20100110/bin/../lib/gcc/avr/4.3.3/avr6\libgcc.a(_unpack_sf.o)
 .debug_pubnames
                0x000008fd       0x26 c:/winavr-20100110/bin/../lib/gcc/avr/4.3.3/avr6\libgcc.a(_fpcmp_parts_sf.o)
 .debug_pubnames
                0x00000923       0x20 c:/winavr-20100110/bin/../lib/gcc/avr/4.3.3/avr6\libgcc.a(_clz.o)

.debug_info     0x00000000     0x3cd2
 *(.debug_info)
 .debug_info    0x00000000      0x12d robot_control_v_1_0.o
 .debug_info    0x0000012d      0x731 dynamixel_control.o
 .debug_info    0x0000085e      0x5ed C:\Documents and Settings\Ivan konstantinov\My Documents\RobotControl_v_1_0\zigbee_src_winavr\lib\libdynamixel.a(dynamixel.o)
 .debug_info    0x00000e4b      0x486 C:\Documents and Settings\Ivan konstantinov\My Documents\RobotControl_v_1_0\zigbee_src_winavr\lib\libdynamixel.a(dxl_hal.o)
 .debug_info    0x000012d1      0x19c C:\Documents and Settings\Ivan konstantinov\My Documents\RobotControl_v_1_0\zigbee_src_winavr\lib\libzigbee.a(zigbee.o)
 .debug_info    0x0000146d      0x253 C:\Documents and Settings\Ivan konstantinov\My Documents\RobotControl_v_1_0\zigbee_src_winavr\lib\libzigbee.a(zgb_hal.o)
 .debug_info    0x000016c0       0xb1 c:/winavr-20100110/bin/../lib/gcc/avr/4.3.3/avr6\libgcc.a(_fixunssfsi.o)
 .debug_info    0x00001771      0x47a c:/winavr-20100110/bin/../lib/gcc/avr/4.3.3/avr6\libgcc.a(_addsub_sf.o)
 .debug_info    0x00001beb      0x485 c:/winavr-20100110/bin/../lib/gcc/avr/4.3.3/avr6\libgcc.a(_mul_sf.o)
 .debug_info    0x00002070      0x3fc c:/winavr-20100110/bin/../lib/gcc/avr/4.3.3/avr6\libgcc.a(_div_sf.o)
 .debug_info    0x0000246c      0x27f c:/winavr-20100110/bin/../lib/gcc/avr/4.3.3/avr6\libgcc.a(_gt_sf.o)
 .debug_info    0x000026eb      0x27f c:/winavr-20100110/bin/../lib/gcc/avr/4.3.3/avr6\libgcc.a(_ge_sf.o)
 .debug_info    0x0000296a      0x27f c:/winavr-20100110/bin/../lib/gcc/avr/4.3.3/avr6\libgcc.a(_lt_sf.o)
 .debug_info    0x00002be9      0x207 c:/winavr-20100110/bin/../lib/gcc/avr/4.3.3/avr6\libgcc.a(_si_to_sf.o)
 .debug_info    0x00002df0      0x2b0 c:/winavr-20100110/bin/../lib/gcc/avr/4.3.3/avr6\libgcc.a(_sf_to_si.o)
 .debug_info    0x000030a0      0x12c c:/winavr-20100110/bin/../lib/gcc/avr/4.3.3/avr6\libgcc.a(_thenan_sf.o)
 .debug_info    0x000031cc      0x206 c:/winavr-20100110/bin/../lib/gcc/avr/4.3.3/avr6\libgcc.a(_usi_to_sf.o)
 .debug_info    0x000033d2      0x117 c:/winavr-20100110/bin/../lib/gcc/avr/4.3.3/avr6\libgcc.a(_clzsi2.o)
 .debug_info    0x000034e9      0x2df c:/winavr-20100110/bin/../lib/gcc/avr/4.3.3/avr6\libgcc.a(_pack_sf.o)
 .debug_info    0x000037c8      0x251 c:/winavr-20100110/bin/../lib/gcc/avr/4.3.3/avr6\libgcc.a(_unpack_sf.o)
 .debug_info    0x00003a19      0x210 c:/winavr-20100110/bin/../lib/gcc/avr/4.3.3/avr6\libgcc.a(_fpcmp_parts_sf.o)
 .debug_info    0x00003c29       0xa9 c:/winavr-20100110/bin/../lib/gcc/avr/4.3.3/avr6\libgcc.a(_clz.o)
 *(.gnu.linkonce.wi.*)

.debug_abbrev   0x00000000     0x1d49
 *(.debug_abbrev)
 .debug_abbrev  0x00000000       0x90 robot_control_v_1_0.o
 .debug_abbrev  0x00000090      0x2a5 dynamixel_control.o
 .debug_abbrev  0x00000335      0x208 C:\Documents and Settings\Ivan konstantinov\My Documents\RobotControl_v_1_0\zigbee_src_winavr\lib\libdynamixel.a(dynamixel.o)
 .debug_abbrev  0x0000053d      0x173 C:\Documents and Settings\Ivan konstantinov\My Documents\RobotControl_v_1_0\zigbee_src_winavr\lib\libdynamixel.a(dxl_hal.o)
 .debug_abbrev  0x000006b0       0xe4 C:\Documents and Settings\Ivan konstantinov\My Documents\RobotControl_v_1_0\zigbee_src_winavr\lib\libzigbee.a(zigbee.o)
 .debug_abbrev  0x00000794       0xe7 C:\Documents and Settings\Ivan konstantinov\My Documents\RobotControl_v_1_0\zigbee_src_winavr\lib\libzigbee.a(zgb_hal.o)
 .debug_abbrev  0x0000087b       0x5d c:/winavr-20100110/bin/../lib/gcc/avr/4.3.3/avr6\libgcc.a(_fixunssfsi.o)
 .debug_abbrev  0x000008d8      0x1ea c:/winavr-20100110/bin/../lib/gcc/avr/4.3.3/avr6\libgcc.a(_addsub_sf.o)
 .debug_abbrev  0x00000ac2      0x21b c:/winavr-20100110/bin/../lib/gcc/avr/4.3.3/avr6\libgcc.a(_mul_sf.o)
 .debug_abbrev  0x00000cdd      0x216 c:/winavr-20100110/bin/../lib/gcc/avr/4.3.3/avr6\libgcc.a(_div_sf.o)
 .debug_abbrev  0x00000ef3      0x15a c:/winavr-20100110/bin/../lib/gcc/avr/4.3.3/avr6\libgcc.a(_gt_sf.o)
 .debug_abbrev  0x0000104d      0x15a c:/winavr-20100110/bin/../lib/gcc/avr/4.3.3/avr6\libgcc.a(_ge_sf.o)
 .debug_abbrev  0x000011a7      0x15a c:/winavr-20100110/bin/../lib/gcc/avr/4.3.3/avr6\libgcc.a(_lt_sf.o)
 .debug_abbrev  0x00001301      0x148 c:/winavr-20100110/bin/../lib/gcc/avr/4.3.3/avr6\libgcc.a(_si_to_sf.o)
 .debug_abbrev  0x00001449      0x17f c:/winavr-20100110/bin/../lib/gcc/avr/4.3.3/avr6\libgcc.a(_sf_to_si.o)
 .debug_abbrev  0x000015c8       0xad c:/winavr-20100110/bin/../lib/gcc/avr/4.3.3/avr6\libgcc.a(_thenan_sf.o)
 .debug_abbrev  0x00001675      0x157 c:/winavr-20100110/bin/../lib/gcc/avr/4.3.3/avr6\libgcc.a(_usi_to_sf.o)
 .debug_abbrev  0x000017cc       0xc4 c:/winavr-20100110/bin/../lib/gcc/avr/4.3.3/avr6\libgcc.a(_clzsi2.o)
 .debug_abbrev  0x00001890      0x1c0 c:/winavr-20100110/bin/../lib/gcc/avr/4.3.3/avr6\libgcc.a(_pack_sf.o)
 .debug_abbrev  0x00001a50      0x154 c:/winavr-20100110/bin/../lib/gcc/avr/4.3.3/avr6\libgcc.a(_unpack_sf.o)
 .debug_abbrev  0x00001ba4      0x13b c:/winavr-20100110/bin/../lib/gcc/avr/4.3.3/avr6\libgcc.a(_fpcmp_parts_sf.o)
 .debug_abbrev  0x00001cdf       0x6a c:/winavr-20100110/bin/../lib/gcc/avr/4.3.3/avr6\libgcc.a(_clz.o)

.debug_line     0x00000000     0x27b5
 *(.debug_line)
 .debug_line    0x00000000      0x185 robot_control_v_1_0.o
 .debug_line    0x00000185      0x6e4 dynamixel_control.o
 .debug_line    0x00000869      0x553 C:\Documents and Settings\Ivan konstantinov\My Documents\RobotControl_v_1_0\zigbee_src_winavr\lib\libdynamixel.a(dynamixel.o)
 .debug_line    0x00000dbc      0x38e C:\Documents and Settings\Ivan konstantinov\My Documents\RobotControl_v_1_0\zigbee_src_winavr\lib\libdynamixel.a(dxl_hal.o)
 .debug_line    0x0000114a      0x1b3 C:\Documents and Settings\Ivan konstantinov\My Documents\RobotControl_v_1_0\zigbee_src_winavr\lib\libzigbee.a(zigbee.o)
 .debug_line    0x000012fd      0x1ad C:\Documents and Settings\Ivan konstantinov\My Documents\RobotControl_v_1_0\zigbee_src_winavr\lib\libzigbee.a(zgb_hal.o)
 .debug_line    0x000014aa       0xa7 c:/winavr-20100110/bin/../lib/gcc/avr/4.3.3/avr6\libgcc.a(_fixunssfsi.o)
 .debug_line    0x00001551      0x2af c:/winavr-20100110/bin/../lib/gcc/avr/4.3.3/avr6\libgcc.a(_addsub_sf.o)
 .debug_line    0x00001800      0x239 c:/winavr-20100110/bin/../lib/gcc/avr/4.3.3/avr6\libgcc.a(_mul_sf.o)
 .debug_line    0x00001a39      0x1d5 c:/winavr-20100110/bin/../lib/gcc/avr/4.3.3/avr6\libgcc.a(_div_sf.o)
 .debug_line    0x00001c0e       0xd3 c:/winavr-20100110/bin/../lib/gcc/avr/4.3.3/avr6\libgcc.a(_gt_sf.o)
 .debug_line    0x00001ce1       0xd3 c:/winavr-20100110/bin/../lib/gcc/avr/4.3.3/avr6\libgcc.a(_ge_sf.o)
 .debug_line    0x00001db4       0xd3 c:/winavr-20100110/bin/../lib/gcc/avr/4.3.3/avr6\libgcc.a(_lt_sf.o)
 .debug_line    0x00001e87      0x135 c:/winavr-20100110/bin/../lib/gcc/avr/4.3.3/avr6\libgcc.a(_si_to_sf.o)
 .debug_line    0x00001fbc      0x109 c:/winavr-20100110/bin/../lib/gcc/avr/4.3.3/avr6\libgcc.a(_sf_to_si.o)
 .debug_line    0x000020c5       0x90 c:/winavr-20100110/bin/../lib/gcc/avr/4.3.3/avr6\libgcc.a(_thenan_sf.o)
 .debug_line    0x00002155      0x133 c:/winavr-20100110/bin/../lib/gcc/avr/4.3.3/avr6\libgcc.a(_usi_to_sf.o)
 .debug_line    0x00002288       0xa5 c:/winavr-20100110/bin/../lib/gcc/avr/4.3.3/avr6\libgcc.a(_clzsi2.o)
 .debug_line    0x0000232d      0x18a c:/winavr-20100110/bin/../lib/gcc/avr/4.3.3/avr6\libgcc.a(_pack_sf.o)
 .debug_line    0x000024b7      0x14b c:/winavr-20100110/bin/../lib/gcc/avr/4.3.3/avr6\libgcc.a(_unpack_sf.o)
 .debug_line    0x00002602      0x137 c:/winavr-20100110/bin/../lib/gcc/avr/4.3.3/avr6\libgcc.a(_fpcmp_parts_sf.o)
 .debug_line    0x00002739       0x7c c:/winavr-20100110/bin/../lib/gcc/avr/4.3.3/avr6\libgcc.a(_clz.o)

.debug_frame    0x00000000      0x650
 *(.debug_frame)
 .debug_frame   0x00000000       0x30 robot_control_v_1_0.o
 .debug_frame   0x00000030      0x140 dynamixel_control.o
 .debug_frame   0x00000170      0x160 C:\Documents and Settings\Ivan konstantinov\My Documents\RobotControl_v_1_0\zigbee_src_winavr\lib\libdynamixel.a(dynamixel.o)
 .debug_frame   0x000002d0       0xc0 C:\Documents and Settings\Ivan konstantinov\My Documents\RobotControl_v_1_0\zigbee_src_winavr\lib\libdynamixel.a(dxl_hal.o)
 .debug_frame   0x00000390       0x60 C:\Documents and Settings\Ivan konstantinov\My Documents\RobotControl_v_1_0\zigbee_src_winavr\lib\libzigbee.a(zigbee.o)
 .debug_frame   0x000003f0       0x80 C:\Documents and Settings\Ivan konstantinov\My Documents\RobotControl_v_1_0\zigbee_src_winavr\lib\libzigbee.a(zgb_hal.o)
 .debug_frame   0x00000470       0x20 c:/winavr-20100110/bin/../lib/gcc/avr/4.3.3/avr6\libgcc.a(_fixunssfsi.o)
 .debug_frame   0x00000490       0x40 c:/winavr-20100110/bin/../lib/gcc/avr/4.3.3/avr6\libgcc.a(_addsub_sf.o)
 .debug_frame   0x000004d0       0x20 c:/winavr-20100110/bin/../lib/gcc/avr/4.3.3/avr6\libgcc.a(_mul_sf.o)
 .debug_frame   0x000004f0       0x20 c:/winavr-20100110/bin/../lib/gcc/avr/4.3.3/avr6\libgcc.a(_div_sf.o)
 .debug_frame   0x00000510       0x20 c:/winavr-20100110/bin/../lib/gcc/avr/4.3.3/avr6\libgcc.a(_gt_sf.o)
 .debug_frame   0x00000530       0x20 c:/winavr-20100110/bin/../lib/gcc/avr/4.3.3/avr6\libgcc.a(_ge_sf.o)
 .debug_frame   0x00000550       0x20 c:/winavr-20100110/bin/../lib/gcc/avr/4.3.3/avr6\libgcc.a(_lt_sf.o)
 .debug_frame   0x00000570       0x20 c:/winavr-20100110/bin/../lib/gcc/avr/4.3.3/avr6\libgcc.a(_si_to_sf.o)
 .debug_frame   0x00000590       0x20 c:/winavr-20100110/bin/../lib/gcc/avr/4.3.3/avr6\libgcc.a(_sf_to_si.o)
 .debug_frame   0x000005b0       0x20 c:/winavr-20100110/bin/../lib/gcc/avr/4.3.3/avr6\libgcc.a(_usi_to_sf.o)
 .debug_frame   0x000005d0       0x20 c:/winavr-20100110/bin/../lib/gcc/avr/4.3.3/avr6\libgcc.a(_clzsi2.o)
 .debug_frame   0x000005f0       0x20 c:/winavr-20100110/bin/../lib/gcc/avr/4.3.3/avr6\libgcc.a(_pack_sf.o)
 .debug_frame   0x00000610       0x20 c:/winavr-20100110/bin/../lib/gcc/avr/4.3.3/avr6\libgcc.a(_unpack_sf.o)
 .debug_frame   0x00000630       0x20 c:/winavr-20100110/bin/../lib/gcc/avr/4.3.3/avr6\libgcc.a(_fpcmp_parts_sf.o)

.debug_str      0x00000000      0xb31
 *(.debug_str)
 .debug_str     0x00000000       0xe2 robot_control_v_1_0.o
                                0x121 (size before relaxing)
 .debug_str     0x000000e2      0x1dc dynamixel_control.o
                                0x2dc (size before relaxing)
 .debug_str     0x000002be      0x2ad C:\Documents and Settings\Ivan konstantinov\My Documents\RobotControl_v_1_0\zigbee_src_winavr\lib\libdynamixel.a(dynamixel.o)
                                0x30c (size before relaxing)
 .debug_str     0x0000056b      0x181 C:\Documents and Settings\Ivan konstantinov\My Documents\RobotControl_v_1_0\zigbee_src_winavr\lib\libdynamixel.a(dxl_hal.o)
                                0x2e1 (size before relaxing)
 .debug_str     0x000006ec       0xef C:\Documents and Settings\Ivan konstantinov\My Documents\RobotControl_v_1_0\zigbee_src_winavr\lib\libzigbee.a(zigbee.o)
                                0x177 (size before relaxing)
 .debug_str     0x000007db       0x9e C:\Documents and Settings\Ivan konstantinov\My Documents\RobotControl_v_1_0\zigbee_src_winavr\lib\libzigbee.a(zgb_hal.o)
                                0x1e7 (size before relaxing)
 .debug_str     0x00000879       0x80 c:/winavr-20100110/bin/../lib/gcc/avr/4.3.3/avr6\libgcc.a(_fixunssfsi.o)
                                 0xfe (size before relaxing)
 .debug_str     0x000008f9      0x13d c:/winavr-20100110/bin/../lib/gcc/avr/4.3.3/avr6\libgcc.a(_addsub_sf.o)
                                0x206 (size before relaxing)
 .debug_str     0x00000a36       0x27 c:/winavr-20100110/bin/../lib/gcc/avr/4.3.3/avr6\libgcc.a(_mul_sf.o)
                                0x1bf (size before relaxing)
 .debug_str     0x00000a5d       0x35 c:/winavr-20100110/bin/../lib/gcc/avr/4.3.3/avr6\libgcc.a(_div_sf.o)
                                0x1c8 (size before relaxing)
 .debug_str     0x00000a92        0x8 c:/winavr-20100110/bin/../lib/gcc/avr/4.3.3/avr6\libgcc.a(_gt_sf.o)
                                0x195 (size before relaxing)
 .debug_str     0x00000a9a        0x8 c:/winavr-20100110/bin/../lib/gcc/avr/4.3.3/avr6\libgcc.a(_ge_sf.o)
                                0x195 (size before relaxing)
 .debug_str     0x00000aa2        0x8 c:/winavr-20100110/bin/../lib/gcc/avr/4.3.3/avr6\libgcc.a(_lt_sf.o)
                                0x195 (size before relaxing)
 .debug_str     0x00000aaa       0x1e c:/winavr-20100110/bin/../lib/gcc/avr/4.3.3/avr6\libgcc.a(_si_to_sf.o)
                                0x17b (size before relaxing)
 .debug_str     0x00000ac8        0xa c:/winavr-20100110/bin/../lib/gcc/avr/4.3.3/avr6\libgcc.a(_sf_to_si.o)
                                0x19e (size before relaxing)
 .debug_str     0x00000000      0x103 c:/winavr-20100110/bin/../lib/gcc/avr/4.3.3/avr6\libgcc.a(_thenan_sf.o)
 .debug_str     0x00000ad2       0x14 c:/winavr-20100110/bin/../lib/gcc/avr/4.3.3/avr6\libgcc.a(_usi_to_sf.o)
                                0x177 (size before relaxing)
 .debug_str     0x00000ae6       0x20 c:/winavr-20100110/bin/../lib/gcc/avr/4.3.3/avr6\libgcc.a(_clzsi2.o)
                                0x111 (size before relaxing)
 .debug_str     0x00000b06       0x10 c:/winavr-20100110/bin/../lib/gcc/avr/4.3.3/avr6\libgcc.a(_pack_sf.o)
                                0x19d (size before relaxing)
 .debug_str     0x00000b16        0xb c:/winavr-20100110/bin/../lib/gcc/avr/4.3.3/avr6\libgcc.a(_unpack_sf.o)
                                0x17f (size before relaxing)
 .debug_str     0x00000b21       0x10 c:/winavr-20100110/bin/../lib/gcc/avr/4.3.3/avr6\libgcc.a(_fpcmp_parts_sf.o)
                                0x163 (size before relaxing)
 .debug_str     0x00000000       0xf4 c:/winavr-20100110/bin/../lib/gcc/avr/4.3.3/avr6\libgcc.a(_clz.o)

.debug_loc      0x00000000     0x1a70
 *(.debug_loc)
 .debug_loc     0x00000000       0x28 robot_control_v_1_0.o
 .debug_loc     0x00000028      0x798 dynamixel_control.o
 .debug_loc     0x000007c0      0x350 C:\Documents and Settings\Ivan konstantinov\My Documents\RobotControl_v_1_0\zigbee_src_winavr\lib\libdynamixel.a(dynamixel.o)
 .debug_loc     0x00000b10      0x29e C:\Documents and Settings\Ivan konstantinov\My Documents\RobotControl_v_1_0\zigbee_src_winavr\lib\libdynamixel.a(dxl_hal.o)
 .debug_loc     0x00000dae      0x11e C:\Documents and Settings\Ivan konstantinov\My Documents\RobotControl_v_1_0\zigbee_src_winavr\lib\libzigbee.a(zigbee.o)
 .debug_loc     0x00000ecc      0x18a C:\Documents and Settings\Ivan konstantinov\My Documents\RobotControl_v_1_0\zigbee_src_winavr\lib\libzigbee.a(zgb_hal.o)
 .debug_loc     0x00001056       0x34 c:/winavr-20100110/bin/../lib/gcc/avr/4.3.3/avr6\libgcc.a(_fixunssfsi.o)
 .debug_loc     0x0000108a      0x32a c:/winavr-20100110/bin/../lib/gcc/avr/4.3.3/avr6\libgcc.a(_addsub_sf.o)
 .debug_loc     0x000013b4      0x104 c:/winavr-20100110/bin/../lib/gcc/avr/4.3.3/avr6\libgcc.a(_mul_sf.o)
 .debug_loc     0x000014b8       0xc0 c:/winavr-20100110/bin/../lib/gcc/avr/4.3.3/avr6\libgcc.a(_div_sf.o)
 .debug_loc     0x00001578       0x3c c:/winavr-20100110/bin/../lib/gcc/avr/4.3.3/avr6\libgcc.a(_gt_sf.o)
 .debug_loc     0x000015b4       0x3c c:/winavr-20100110/bin/../lib/gcc/avr/4.3.3/avr6\libgcc.a(_ge_sf.o)
 .debug_loc     0x000015f0       0x3c c:/winavr-20100110/bin/../lib/gcc/avr/4.3.3/avr6\libgcc.a(_lt_sf.o)
 .debug_loc     0x0000162c       0xac c:/winavr-20100110/bin/../lib/gcc/avr/4.3.3/avr6\libgcc.a(_si_to_sf.o)
 .debug_loc     0x000016d8       0x7e c:/winavr-20100110/bin/../lib/gcc/avr/4.3.3/avr6\libgcc.a(_sf_to_si.o)
 .debug_loc     0x00001756       0x4c c:/winavr-20100110/bin/../lib/gcc/avr/4.3.3/avr6\libgcc.a(_usi_to_sf.o)
 .debug_loc     0x000017a2       0x94 c:/winavr-20100110/bin/../lib/gcc/avr/4.3.3/avr6\libgcc.a(_clzsi2.o)
 .debug_loc     0x00001836      0x13e c:/winavr-20100110/bin/../lib/gcc/avr/4.3.3/avr6\libgcc.a(_pack_sf.o)
 .debug_loc     0x00001974       0xac c:/winavr-20100110/bin/../lib/gcc/avr/4.3.3/avr6\libgcc.a(_unpack_sf.o)
 .debug_loc     0x00001a20       0x50 c:/winavr-20100110/bin/../lib/gcc/avr/4.3.3/avr6\libgcc.a(_fpcmp_parts_sf.o)

.debug_macinfo
 *(.debug_macinfo)
OUTPUT(RobotControl_v_1_0.elf elf32-avr)
LOAD linker stubs

.debug_ranges   0x00000000      0x110
 .debug_ranges  0x00000000       0xc0 dynamixel_control.o
 .debug_ranges  0x000000c0       0x50 c:/winavr-20100110/bin/../lib/gcc/avr/4.3.3/avr6\libgcc.a(_mul_sf.o)
